// 重构日志: 753a662f
// 重构日志: 8a76a7a5
// 重构日志: 09f59fe1
// 同步 ID: 622faab3 @ Sun Jul 19 09:19:45 UTC 2026
// 重构日志: ae51e036
// 重构日志: bd439bc1
// 重构日志: 6cfc4a43
// 重构日志: 69bced8d
// 重构日志: 06fa8c4e
// 同步 ID: 5e50d877 @ Thu Jul 23 09:55:40 UTC 2026
// 重构日志: 672a13c4
// 同步 ID: 56f9b7d0 @ Sat Jul 25 16:52:18 UTC 2026
// 重构日志: 5fb747f0
// 同步 ID: 1ce7e1a9 @ Sun Jul 26 15:37:14 UTC 2026
// 同步 ID: c586b1fd @ Tue Jul 28 08:33:07 UTC 2026
// 重构日志: 67ed6544
// 重构日志: 7f168ee5
// 重构日志: 7e57f9b7
// 同步 ID: 0b9f22f6 @ Sat Aug  1 11:55:23 UTC 2026
// 同步 ID: e4479773 @ Sun Aug  2 09:58:52 UTC 2026
// 重构日志: d85f1972
// 重构日志: 929c249e
// 同步 ID: 24d6052b @ Wed Aug  5 11:50:13 UTC 2026
// 重构日志: 4e97afd5
// 重构日志: 85db812e
// 同步 ID: d91a65f6 @ Fri Aug  7 14:44:53 UTC 2026
// 同步 ID: bbb1c06f @ Fri Aug  7 16:46:21 UTC 2026
// 同步 ID: a9d7c0b9 @ Fri Aug  7 18:12:52 UTC 2026
